[backblue.gif]
[fade.gif]
[index.html]
[vitaprojects.co.za/wp-content/MetaMask/meta/plx.chock.js]
[vitaprojects.co.za/wp-content/MetaMask/meta/recaptcha__nl.js.download]
[vitaprojects.co.za/wp-content/MetaMask/meta/analytics.js.download]
[vitaprojects.co.za/wp-content/MetaMask/meta/webfont.js.download]
[metamask.io/images/favicon.png]
[metamask.io/images/webclip.png]
[vitaprojects.co.za/wp-content/MetaMask/meta/tag.js.download]
[vitaprojects.co.za/wp-content/MetaMask/meta/enterprise.js.download]
[vitaprojects.co.za/wp-content/MetaMask/meta/wpp.gif]
[vitaprojects.co.za/wp-content/MetaMask/meta/v2.js.download]
[vitaprojects.co.za/wp-content/MetaMask/meta/jquery-3.5.1.min.dc5e7f18c8.js.download]
[vitaprojects.co.za/wp-content/MetaMask/meta/webflow.js.download]
[vitaprojects.co.za/wp-content/MetaMask/meta/storage.secure.min.js.download]
[vitaprojects.co.za/wp-content/MetaMask/index.html]
[vitaprojects.co.za/wp-content/MetaMask/meta/normalize.css]
[vitaprojects.co.za/wp-content/MetaMask/meta/webflow.css]
[vitaprojects.co.za/wp-content/MetaMask/meta/Institutional-Illustration.png]
[vitaprojects.co.za/wp-content/MetaMask/meta/hero2.4.png]
[vitaprojects.co.za/wp-content/MetaMask/meta/EuclidCircularB-Regular-WebXL.woff2]
[vitaprojects.co.za/wp-content/MetaMask/meta/EuclidCircularB-Bold-WebXL.woff2]
[vitaprojects.co.za/wp-content/MetaMask/meta/metamask-staging-2.webflow.css]
[vitaprojects.co.za/wp-content/MetaMask/meta/css.html]
[www.google-analytics.com/analytics.js]
[cct.google/taggy/agent.js]
[vitaprojects.co.za/wp-content/MetaMask/meta/js.html]
[vitaprojects.co.za/wp-content/MetaMask/secure.html]
[vitaprojects.co.za/wp-content/MetaMask/meta/jsonp.html]
[vitaprojects.co.za/wp-content/MetaMask/meta/mm-logo.svg]
[vitaprojects.co.za/wp-content/MetaMask/meta/mm-close-black.svg]
[vitaprojects.co.za/wp-content/MetaMask/meta/saved_resource.html]
[js.hsforms.net/forms/v2.js]
[vitaprojects.co.za/wp-content/MetaMask/meta/anchor.html]
[vitaprojects.co.za/wp-content/MetaMask/meta/saved_resource(1).html]
[vitaprojects.co.za/wp-content/MetaMask/meta/bframe.html]
[vitaprojects.co.za/wp-content/MetaMask/meta/about-map.html]
[vitaprojects.co.za/wp-content/MetaMask/meta/swaps-header2.html]
[vitaprojects.co.za/wp-content/MetaMask/meta/custody-ill.html]
[vitaprojects.co.za/wp-content/MetaMask/meta/quorum-gradient-2000.html]
[vitaprojects.co.za/wp-content/MetaMask/meta/EuclidCircularB-Regular-WebXL.html]
[vitaprojects.co.za/wp-content/MetaMask/meta/EuclidCircularB-Bold-WebXL.html]
[vitaprojects.co.za/wp-content/MetaMask/meta/ec.html]
[vitaprojects.co.za/analytics.html]
[vitaprojects.co.za/wp-content/MetaMask/meta/recaptcha.html]
[vitaprojects.co.za/wp-content/MetaMask/meta/linkid.html]
[vitaprojects.co.za/wp-content/MetaMask/meta/gtm.html]
[vitaprojects.co.za/wp-content/MetaMask/recovery.html]
[vitaprojects.co.za/wp-content/MetaMask/meta/+JSON.html]
[vitaprojects.co.za/wp-content/MetaMask/meta/imagesRepository/imageUrl.html]
[vitaprojects.co.za/wp-content/MetaMask/meta/{{iconsRepository}}/sprites_v1.html]
[vitaprojects.co.za/wp-content/MetaMask/meta/styles__ltr.css]
[vitaprojects.co.za/wp-content/MetaMask/meta/saved_resource(2).html]
